[09:06:48] [ServerMain/INFO]: [bootstrap] Running Java 21 (OpenJDK 64-Bit Server VM 21.0.11+10-1-26.04.2-Ubuntu; Ubuntu null) on Linux 6.19.8-surface-3 (amd64)
[09:06:48] [ServerMain/INFO]: [bootstrap] Loading Paper 1.21.11-74-main@3ebc5b3 (2026-01-02T19:02:46Z) for Minecraft 1.21.11
[09:06:49] [ServerMain/INFO]: [PluginInitializerManager] Initializing plugins...
[09:06:51] [ServerMain/INFO]: [PluginInitializerManager] Initialized 4 plugins
[09:06:51] [ServerMain/INFO]: [PluginInitializerManager] Paper plugins (1):
 - Veinminer (2.5.3)
[09:06:51] [ServerMain/INFO]: [PluginInitializerManager] Bukkit plugins (3):
 - Chunky (1.4.40), SkinsRestorer (15.12.0), TAB (5.4.0)
[09:06:57] [ServerMain/INFO]: Environment: Environment[sessionHost=https://sessionserver.mojang.com, servicesHost=https://api.minecraftservices.com, profilesHost=https://api.mojang.com, name=PROD]
[09:06:57] [ServerMain/INFO]: [ca.spottedleaf.dataconverter.minecraft.datatypes.MCTypeRegistry] Initialising converters for DataConverter...
[09:06:57] [ServerMain/INFO]: [ca.spottedleaf.dataconverter.minecraft.datatypes.MCTypeRegistry] Finished initialising converters for DataConverter in 590.0ms
[09:07:00] [ServerMain/INFO]: Loaded 1470 recipes
[09:07:00] [ServerMain/INFO]: Loaded 1584 advancements
[09:07:00] [Server thread/INFO]: Starting minecraft server version 1.21.11
[09:07:00] [Server thread/WARN]: ****************************
[09:07:00] [Server thread/WARN]: YOU ARE RUNNING THIS SERVER AS AN ADMINISTRATIVE OR ROOT USER. THIS IS NOT ADVISED.
[09:07:00] [Server thread/WARN]: YOU ARE OPENING YOURSELF UP TO POTENTIAL RISKS WHEN DOING THIS.
[09:07:00] [Server thread/WARN]: FOR MORE INFORMATION, SEE https://madelinemiller.dev/blog/root-minecraft-server/
[09:07:00] [Server thread/WARN]: ****************************
[09:07:00] [Server thread/INFO]: Loading properties
[09:07:00] [Server thread/INFO]: This server is running Paper version 1.21.11-74-main@3ebc5b3 (2026-01-02T19:02:46Z) (Implementing API version 1.21.11-R0.1-SNAPSHOT)
[09:07:00] [Server thread/INFO]: [spark] This server bundles the spark profiler. For more information please visit https://docs.papermc.io/paper/profiling
[09:07:00] [Server thread/INFO]: Server Ping Player Sample Count: 12
[09:07:00] [Server thread/INFO]: Using 4 threads for Netty based IO
[09:07:01] [Server thread/INFO]: [MoonriseCommon] Paper is using 1 worker threads, 1 I/O threads
[09:07:01] [Server thread/INFO]: Default game type: SURVIVAL
[09:07:01] [Server thread/INFO]: Generating keypair
[09:07:01] [Server thread/INFO]: Starting Minecraft server on *:2026
[09:07:01] [Server thread/INFO]: Paper: Using libdeflate (Linux x86_64) compression from Velocity.
[09:07:01] [Server thread/INFO]: Paper: Using OpenSSL 3.x.x (Linux x86_64) cipher from Velocity.
[09:07:02] [Server thread/INFO]: [SkinsRestorer] Loading server plugin SkinsRestorer v15.12.0
[09:07:02] [Server thread/INFO]: [TAB] Loading server plugin TAB v5.4.0
[09:07:02] [Server thread/INFO]: [Chunky] Loading server plugin Chunky v1.4.40
[09:07:02] [Server thread/INFO]: [Veinminer] Loading server plugin Veinminer v2.5.3
[09:07:02] [Server thread/INFO]: [Veinminer] Detected platform: Paper
[09:07:02] [Server thread/INFO]: Server permissions file permissions.yml is empty, ignoring it
[09:07:02] [Server thread/INFO]: [SkinsRestorer] Enabling SkinsRestorer v15.12.0
[09:07:04] [Server thread/INFO]: [SkinsRestorer] Running on Minecraft 1.21.11.
[09:07:05] [Server thread/INFO]: [SkinsRestorer] Using paper join listener!
[09:07:05] [Server thread/INFO]: [Veinminer] Enabling Veinminer v2.5.3
[09:07:05] [Server thread/WARN]: **** SERVER IS RUNNING IN OFFLINE/INSECURE MODE!
[09:07:05] [Server thread/WARN]: The server will make no attempt to authenticate usernames. Beware.
[09:07:05] [Server thread/WARN]: While this makes the game possible to play without internet access, it also opens up the ability for hackers to connect with any username they choose.
[09:07:05] [Server thread/WARN]: To change this, set "online-mode" to "true" in the server.properties file.
[09:07:05] [Server thread/INFO]: Preparing level "world"
[09:07:05] [Folia Async Scheduler Thread #1/INFO]: [SkinsRestorer] ----------------------------------------------
[09:07:05] [Folia Async Scheduler Thread #1/INFO]: [SkinsRestorer]     +==================+
[09:07:05] [Folia Async Scheduler Thread #1/INFO]: [SkinsRestorer]     |   SkinsRestorer  |
[09:07:05] [Folia Async Scheduler Thread #1/INFO]: [SkinsRestorer]     |------------------|
[09:07:05] [Folia Async Scheduler Thread #1/INFO]: [SkinsRestorer]     |  Standalone Mode |
[09:07:05] [Folia Async Scheduler Thread #1/INFO]: [SkinsRestorer]     +==================+
[09:07:05] [Folia Async Scheduler Thread #1/INFO]: [SkinsRestorer] ----------------------------------------------
[09:07:05] [Folia Async Scheduler Thread #1/INFO]: [SkinsRestorer]     Version: 15.12.0
[09:07:05] [Folia Async Scheduler Thread #1/INFO]: [SkinsRestorer]     Commit: 2903414
[09:07:05] [Folia Async Scheduler Thread #1/INFO]: [SkinsRestorer]     This is the latest version!
[09:07:05] [Folia Async Scheduler Thread #1/INFO]: [SkinsRestorer] ----------------------------------------------
[09:07:05] [Folia Async Scheduler Thread #1/INFO]: [SkinsRestorer] Do you have issues? Read our troubleshooting guide: https://skinsrestorer.net/docs/troubleshooting
[09:07:05] [Folia Async Scheduler Thread #1/INFO]: [SkinsRestorer] Want to support SkinsRestorer or receive priority support? Become a supporter: https://skinsrestorer.net/pricing
[09:07:05] [Server thread/INFO]: [ca.spottedleaf.moonrise.common.util.MoonriseConstants] NUMA enable flag is not set; however there is NUMA interaction support for this OS.
[09:07:05] [Server thread/INFO]: [ca.spottedleaf.moonrise.common.util.MoonriseConstants] Detected 1 NUMA nodes.
[09:07:05] [DefaultDispatcher-worker-1/INFO]: [VeinminerUpdater] veinminer is outdated (1.21.11). Installed: 2.5.3 -> Latest: 2.10.1
[09:07:06] [Server thread/INFO]: Loading 0 persistent chunks for world 'minecraft:overworld'...
[09:07:06] [Server thread/INFO]: Preparing spawn area: 100%
[09:07:06] [Server thread/INFO]: Prepared spawn area in 2 ms
[09:07:06] [Server thread/INFO]: Loading 0 persistent chunks for world 'minecraft:the_nether'...
[09:07:06] [Server thread/INFO]: Preparing spawn area: 100%
[09:07:06] [Server thread/INFO]: Prepared spawn area in 2 ms
[09:07:06] [Server thread/INFO]: Loading 0 persistent chunks for world 'minecraft:the_end'...
[09:07:06] [Server thread/INFO]: Prepared spawn area in 0 ms
[09:07:06] [Server thread/INFO]: Done preparing level "world" (1.444s)
[09:07:06] [Server thread/INFO]: [TAB] Enabling TAB v5.4.0
[09:07:07] [Server thread/INFO]: [TAB] Enabled in 512ms
[09:07:07] [Server thread/INFO]: [Chunky] Enabling Chunky v1.4.40
[09:07:07] [Server thread/INFO]: [spark] Starting background profiler...
[09:07:08] [Server thread/INFO]: Running delayed init tasks
[09:07:08] [Server thread/INFO]: Done (20.484s)! For help, type "help"
[09:07:10] [Paper Async Task Handler Thread - 1/WARN]: *** You are running an outdated version of Minecraft, which is 2 release(s) and 58 build(s) behind!
[09:07:10] [Paper Async Task Handler Thread - 1/WARN]: *** Please update to the latest stable version on https://papermc.io/downloads/paper ***
